../Core/Src/main.c:76:5:main	160	dynamic
../Core/Src/main.c:128:6:SystemClock_Config	160	static
../Core/Src/main.c:168:13:MX_USART2_UART_Init	8	static
../Core/Src/main.c:194:13:MX_DMA_Init	16	static
../Core/Src/main.c:211:13:MX_GPIO_Init	32	static
../Core/Src/main.c:230:6:HAL_UART_RxCpltCallback	16	static
../Core/Src/main.c:236:6:regressionPredict	88	dynamic
../Core/Src/main.c:258:7:dotProduct	32	static
../Core/Src/main.c:267:6:rxbufferUnpack	40	static
../Core/Src/main.c:282:6:Error_Handler	4	static,ignoring_inline_asm
