../Core/Src/main.c:85:5:main	16	static
../Core/Src/main.c:141:6:SystemClock_Config	160	static
../Core/Src/main.c:185:13:MX_USART2_UART_Init	8	static
../Core/Src/main.c:218:13:MX_DMA_Init	16	static
../Core/Src/main.c:239:13:MX_GPIO_Init	16	static
../Core/Src/main.c:253:6:relu	24	static
../Core/Src/main.c:262:6:softmax	48	static
../Core/Src/main.c:282:6:forward_pass	64	dynamic
../Core/Src/main.c:298:6:dense_layer	32	static
../Core/Src/main.c:307:6:HAL_UART_RxCpltCallback	16	static
../Core/Src/main.c:319:6:Error_Handler	4	static,ignoring_inline_asm
